// Jest Snapshot v1, https://goo.gl/fbAQLP

exports[`<MainHeader /> test cases renders 1`] = `""`;
